<?xml version="1.0" encoding="utf-8"?>
<TestRun id="1345200a-ac62-42bd-a75e-8c4baf593c12" name="@Ygor-Geurts-MacBook-Pro-N3X27Q9XMT 2025-05-16 19:38:13" xmlns="http://microsoft.com/schemas/VisualStudio/TeamTest/2010">
  <Times creation="2025-05-16T19:38:13.2129750+02:00" queuing="2025-05-16T19:38:13.2129760+02:00" start="2025-05-16T19:38:10.6961230+02:00" finish="2025-05-16T19:38:23.2653260+02:00" />
  <TestSettings name="default" id="3161393e-cf97-4870-b3af-3f66428ead2e">
    <Deployment runDeploymentRoot="_Ygor-Geurts-MacBook-Pro-N3X27Q9XMT_2025-05-16_19_38_13" />
  </TestSettings>
  <Results>
    <UnitTestResult executionId="bdf79f1a-1991-43eb-a5ee-508f5895ea89" testId="dbb8d2d9-c2cf-4eea-bf7e-f32191a712c6" testName="TimeVault.Api.IntegrationTests.ErrorHandlingTests.InvalidRegistration_WithExistingEmail_ShouldReturnError" computerName="Ygor-Geurts-MacBook-Pro-N3X27Q9XMT" duration="00:00:00.0315026" startTime="2025-05-16T19:38:18.4750330+02:00" endTime="2025-05-16T19:38:18.4750330+02:00" testType="13cdc9d9-ddb5-4fa4-a97d-d965ccfc6d4b" outcome="Passed" testListId="8c84fa94-04c1-424b-9868-57a2d4851a1d" relativeResultsDirectory="bdf79f1a-1991-43eb-a5ee-508f5895ea89" />
    <UnitTestResult executionId="7acfd6d5-29e8-43ff-8938-4836e4fbb4dc" testId="3338dba9-c447-3578-4e72-e9120a3c016c" testName="TimeVault.Api.IntegrationTests.DatabaseColumnCaseTests.CanCreateAndRetrieveUserWithAllProperties" computerName="Ygor-Geurts-MacBook-Pro-N3X27Q9XMT" duration="00:00:00.0207323" startTime="2025-05-16T19:38:16.0449450+02:00" endTime="2025-05-16T19:38:16.0449460+02:00" testType="13cdc9d9-ddb5-4fa4-a97d-d965ccfc6d4b" outcome="Passed" testListId="8c84fa94-04c1-424b-9868-57a2d4851a1d" relativeResultsDirectory="7acfd6d5-29e8-43ff-8938-4836e4fbb4dc" />
    <UnitTestResult executionId="62ce7af5-c97b-49d1-9626-c493e1344fd6" testId="0771ccc9-8c21-6f72-89e0-974d09b1b511" testName="TimeVault.Api.IntegrationTests.ErrorHandlingTests.AccessProtectedRoute_WithoutToken_ShouldReturnUnauthorized" computerName="Ygor-Geurts-MacBook-Pro-N3X27Q9XMT" duration="00:00:00.0160187" startTime="2025-05-16T19:38:17.5137200+02:00" endTime="2025-05-16T19:38:17.5137210+02:00" testType="13cdc9d9-ddb5-4fa4-a97d-d965ccfc6d4b" outcome="Passed" testListId="8c84fa94-04c1-424b-9868-57a2d4851a1d" relativeResultsDirectory="62ce7af5-c97b-49d1-9626-c493e1344fd6" />
    <UnitTestResult executionId="c37e42f3-23b4-4a88-b209-c1b7c323519f" testId="9afb9447-4006-6bb2-4b61-c771eeda965a" testName="TimeVault.Api.IntegrationTests.VaultApiTests.DeleteVault_OwnedByUser_ShouldRemoveVault" computerName="Ygor-Geurts-MacBook-Pro-N3X27Q9XMT" duration="00:00:00.6238608" startTime="2025-05-16T19:38:19.3191730+02:00" endTime="2025-05-16T19:38:19.3191740+02:00" testType="13cdc9d9-ddb5-4fa4-a97d-d965ccfc6d4b" outcome="Passed" testListId="8c84fa94-04c1-424b-9868-57a2d4851a1d" relativeResultsDirectory="c37e42f3-23b4-4a88-b209-c1b7c323519f" />
    <UnitTestResult executionId="14bc8862-b567-49b8-975d-5322e1644ad5" testId="2b67630c-c4aa-79ee-22ce-e53dde6fbd87" testName="TimeVault.Api.IntegrationTests.ErrorHandlingTests.AccessProtectedRoute_WithInvalidToken_ShouldReturnUnauthorized" computerName="Ygor-Geurts-MacBook-Pro-N3X27Q9XMT" duration="00:00:00.0104058" startTime="2025-05-16T19:38:17.9022960+02:00" endTime="2025-05-16T19:38:17.9022960+02:00" testType="13cdc9d9-ddb5-4fa4-a97d-d965ccfc6d4b" outcome="Passed" testListId="8c84fa94-04c1-424b-9868-57a2d4851a1d" relativeResultsDirectory="14bc8862-b567-49b8-975d-5322e1644ad5" />
    <UnitTestResult executionId="c1b45b08-5bc0-4ef5-a1c7-3ec7deb7824d" testId="296ef95f-e4fe-d4b6-f6c4-4030442d4b10" testName="TimeVault.Api.IntegrationTests.BasicRouteTests.RootEndpoint_ShouldReturn200" computerName="Ygor-Geurts-MacBook-Pro-N3X27Q9XMT" duration="00:00:02.9746742" startTime="2025-05-16T19:38:15.0846460+02:00" endTime="2025-05-16T19:38:15.0847450+02:00" testType="13cdc9d9-ddb5-4fa4-a97d-d965ccfc6d4b" outcome="Failed" testListId="8c84fa94-04c1-424b-9868-57a2d4851a1d" relativeResultsDirectory="c1b45b08-5bc0-4ef5-a1c7-3ec7deb7824d">
      <Output>
        <ErrorInfo>
          <Message>Assert.Equal() Failure: Values differ
Expected: OK
Actual:   NotFound</Message>
          <StackTrace>   at TimeVault.Api.IntegrationTests.BasicRouteTests.RootEndpoint_ShouldReturn200() in /Users/ygeurts/Projects/Private/time-vault/backend/TimeVault/tests/TimeVault.Api.IntegrationTests/BasicRouteTests.cs:line 33
--- End of stack trace from previous location ---</StackTrace>
        </ErrorInfo>
      </Output>
    </UnitTestResult>
    <UnitTestResult executionId="cd547a15-12cd-4d11-ab12-216da3f03d52" testId="7125806d-6601-862b-de14-502e373d09ba" testName="TimeVault.Api.IntegrationTests.ErrorHandlingTests.InvalidLogin_WithNonexistentUser_ShouldReturnError" computerName="Ygor-Geurts-MacBook-Pro-N3X27Q9XMT" duration="00:00:00.0257953" startTime="2025-05-16T19:38:17.0399430+02:00" endTime="2025-05-16T19:38:17.0399430+02:00" testType="13cdc9d9-ddb5-4fa4-a97d-d965ccfc6d4b" outcome="Passed" testListId="8c84fa94-04c1-424b-9868-57a2d4851a1d" relativeResultsDirectory="cd547a15-12cd-4d11-ab12-216da3f03d52" />
    <UnitTestResult executionId="ecc4dc24-ac73-4e48-9e73-10c1e5aa7d05" testId="2e924bd8-af70-4f7f-ef0a-a87a58f8c257" testName="TimeVault.Api.IntegrationTests.AuthApiTests.Register_WithValidUser_ShouldReturnSuccess" computerName="Ygor-Geurts-MacBook-Pro-N3X27Q9XMT" duration="00:00:04.1039537" startTime="2025-05-16T19:38:16.0405160+02:00" endTime="2025-05-16T19:38:16.0405170+02:00" testType="13cdc9d9-ddb5-4fa4-a97d-d965ccfc6d4b" outcome="Passed" testListId="8c84fa94-04c1-424b-9868-57a2d4851a1d" relativeResultsDirectory="ecc4dc24-ac73-4e48-9e73-10c1e5aa7d05" />
    <UnitTestResult executionId="9413b410-de24-4915-bfe3-c69542a6c2ac" testId="ff8ece52-1eae-a482-9f38-332cfedc5059" testName="TimeVault.Api.IntegrationTests.MessageApiTests.DeleteMessage_OwnedByUser_ShouldRemoveMessage" computerName="Ygor-Geurts-MacBook-Pro-N3X27Q9XMT" duration="00:00:00.5329917" startTime="2025-05-16T19:38:19.8063030+02:00" endTime="2025-05-16T19:38:19.8063030+02:00" testType="13cdc9d9-ddb5-4fa4-a97d-d965ccfc6d4b" outcome="Passed" testListId="8c84fa94-04c1-424b-9868-57a2d4851a1d" relativeResultsDirectory="9413b410-de24-4915-bfe3-c69542a6c2ac" />
    <UnitTestResult executionId="2a8e6c99-2a1d-4370-bac9-31371d09d412" testId="a440bda9-adb1-0803-dae8-b6e4b25bf4af" testName="TimeVault.Api.IntegrationTests.VaultApiTests.GetSharedVaults_ShouldReturnVaultsSharedWithUser" computerName="Ygor-Geurts-MacBook-Pro-N3X27Q9XMT" duration="00:00:00.3622781" startTime="2025-05-16T19:38:17.9362260+02:00" endTime="2025-05-16T19:38:17.9362270+02:00" testType="13cdc9d9-ddb5-4fa4-a97d-d965ccfc6d4b" outcome="Passed" testListId="8c84fa94-04c1-424b-9868-57a2d4851a1d" relativeResultsDirectory="2a8e6c99-2a1d-4370-bac9-31371d09d412" />
    <UnitTestResult executionId="803a71e2-a0a5-49dd-a340-3ec7b7e158c3" testId="1074e3e1-1aa3-6d3b-ff00-2b823cd24bbc" testName="TimeVault.Api.IntegrationTests.BasicRouteTests.VaultsEndpoint_ShouldExist" computerName="Ygor-Geurts-MacBook-Pro-N3X27Q9XMT" duration="00:00:00.0612059" startTime="2025-05-16T19:38:16.0809950+02:00" endTime="2025-05-16T19:38:16.0809950+02:00" testType="13cdc9d9-ddb5-4fa4-a97d-d965ccfc6d4b" outcome="Passed" testListId="8c84fa94-04c1-424b-9868-57a2d4851a1d" relativeResultsDirectory="803a71e2-a0a5-49dd-a340-3ec7b7e158c3" />
    <UnitTestResult executionId="8e1c7e17-52b3-471d-bd3b-b0f1e10c31b4" testId="77134552-8007-a2b0-f426-9523370480dd" testName="TimeVault.Api.IntegrationTests.MessageApiTests.GetMessageDetails_WithValidId_ShouldReturnMessage" computerName="Ygor-Geurts-MacBook-Pro-N3X27Q9XMT" duration="00:00:00.4265875" startTime="2025-05-16T19:38:23.0966500+02:00" endTime="2025-05-16T19:38:23.0966500+02:00" testType="13cdc9d9-ddb5-4fa4-a97d-d965ccfc6d4b" outcome="Passed" testListId="8c84fa94-04c1-424b-9868-57a2d4851a1d" relativeResultsDirectory="8e1c7e17-52b3-471d-bd3b-b0f1e10c31b4" />
    <UnitTestResult executionId="a7c49f1f-7788-4110-99e7-d72319c646a2" testId="0c14c2b0-9fdc-3cdc-91ab-fa30c2ffe660" testName="TimeVault.Api.IntegrationTests.ErrorHandlingTests.InvalidLogin_WithIncorrectPassword_ShouldReturnError" computerName="Ygor-Geurts-MacBook-Pro-N3X27Q9XMT" duration="00:00:00.0131999" startTime="2025-05-16T19:38:17.9156700+02:00" endTime="2025-05-16T19:38:17.9156710+02:00" testType="13cdc9d9-ddb5-4fa4-a97d-d965ccfc6d4b" outcome="Passed" testListId="8c84fa94-04c1-424b-9868-57a2d4851a1d" relativeResultsDirectory="a7c49f1f-7788-4110-99e7-d72319c646a2" />
    <UnitTestResult executionId="a7973635-1f4b-4d21-87db-ea03f6655b44" testId="7f9043c1-6ee6-b234-6914-f7ea1e438363" testName="TimeVault.Api.IntegrationTests.DatabaseColumnCaseTests.CanCreateAndQueryMessageAndVaultShare_WithCaseInsensitiveColumns" computerName="Ygor-Geurts-MacBook-Pro-N3X27Q9XMT" duration="00:00:04.0305874" startTime="2025-05-16T19:38:15.9681160+02:00" endTime="2025-05-16T19:38:15.9681170+02:00" testType="13cdc9d9-ddb5-4fa4-a97d-d965ccfc6d4b" outcome="Passed" testListId="8c84fa94-04c1-424b-9868-57a2d4851a1d" relativeResultsDirectory="a7973635-1f4b-4d21-87db-ea03f6655b44" />
    <UnitTestResult executionId="700b4e4b-05ed-40f3-8a21-15c484c6e719" testId="d365a85b-d13c-e9ea-ee84-2f269834b2b6" testName="TimeVault.Api.IntegrationTests.ErrorHandlingTests.CreateVault_WithInvalidData_ShouldReturnValidationError" computerName="Ygor-Geurts-MacBook-Pro-N3X27Q9XMT" duration="00:00:00.0409224" startTime="2025-05-16T19:38:17.5549330+02:00" endTime="2025-05-16T19:38:17.5549330+02:00" testType="13cdc9d9-ddb5-4fa4-a97d-d965ccfc6d4b" outcome="Passed" testListId="8c84fa94-04c1-424b-9868-57a2d4851a1d" relativeResultsDirectory="700b4e4b-05ed-40f3-8a21-15c484c6e719" />
    <UnitTestResult executionId="bddf341d-cc40-437b-a369-506d86121357" testId="c121103d-fe5e-5c96-436b-06ea9bb74a3a" testName="TimeVault.Api.IntegrationTests.ErrorHandlingTests.GetVault_WithNonexistentId_ShouldReturnNotFound" computerName="Ygor-Geurts-MacBook-Pro-N3X27Q9XMT" duration="00:00:00.0772217" startTime="2025-05-16T19:38:17.0138810+02:00" endTime="2025-05-16T19:38:17.0138820+02:00" testType="13cdc9d9-ddb5-4fa4-a97d-d965ccfc6d4b" outcome="Passed" testListId="8c84fa94-04c1-424b-9868-57a2d4851a1d" relativeResultsDirectory="bddf341d-cc40-437b-a369-506d86121357" />
    <UnitTestResult executionId="e37c9e9a-9725-4544-adfa-91af2aa82e39" testId="f8c8b720-98ae-c707-7956-5b92eaac738f" testName="TimeVault.Api.IntegrationTests.VaultApiTests.GetVaultDetails_WithValidId_ShouldReturnVaultDetails" computerName="Ygor-Geurts-MacBook-Pro-N3X27Q9XMT" duration="00:00:05.1035898" startTime="2025-05-16T19:38:17.0365250+02:00" endTime="2025-05-16T19:38:17.0365260+02:00" testType="13cdc9d9-ddb5-4fa4-a97d-d965ccfc6d4b" outcome="Passed" testListId="8c84fa94-04c1-424b-9868-57a2d4851a1d" relativeResultsDirectory="e37c9e9a-9725-4544-adfa-91af2aa82e39" />
    <UnitTestResult executionId="43ff6546-5ebe-41b6-930e-402f71f96f9d" testId="e16dbb2a-ea78-418b-9242-665c1bd419fa" testName="TimeVault.Api.IntegrationTests.MessageApiTests.GetUnlockedMessages_ShouldOnlyReturnUnlockedMessages" computerName="Ygor-Geurts-MacBook-Pro-N3X27Q9XMT" duration="00:00:00.9438761" startTime="2025-05-16T19:38:20.7506350+02:00" endTime="2025-05-16T19:38:20.7506350+02:00" testType="13cdc9d9-ddb5-4fa4-a97d-d965ccfc6d4b" outcome="Passed" testListId="8c84fa94-04c1-424b-9868-57a2d4851a1d" relativeResultsDirectory="43ff6546-5ebe-41b6-930e-402f71f96f9d" />
    <UnitTestResult executionId="5d509d64-3b16-4195-893f-bb233ea0ccca" testId="2104a2cb-65fa-5f94-a2f4-aedffc99152a" testName="TimeVault.Api.IntegrationTests.ErrorHandlingTests.CreateMessage_WithInvalidUnlockTime_ShouldReturnValidationError" computerName="Ygor-Geurts-MacBook-Pro-N3X27Q9XMT" duration="00:00:05.0012081" startTime="2025-05-16T19:38:16.9357940+02:00" endTime="2025-05-16T19:38:16.9357950+02:00" testType="13cdc9d9-ddb5-4fa4-a97d-d965ccfc6d4b" outcome="Passed" testListId="8c84fa94-04c1-424b-9868-57a2d4851a1d" relativeResultsDirectory="5d509d64-3b16-4195-893f-bb233ea0ccca" />
    <UnitTestResult executionId="076304c2-cc3a-4f36-9172-598e4c403bea" testId="671b7530-76bc-ee66-3f59-9e2a938221af" testName="TimeVault.Api.IntegrationTests.VaultApiTests.GetVaults_ShouldReturnUserVaults" computerName="Ygor-Geurts-MacBook-Pro-N3X27Q9XMT" duration="00:00:00.5350425" startTime="2025-05-16T19:38:17.5770270+02:00" endTime="2025-05-16T19:38:17.5770280+02:00" testType="13cdc9d9-ddb5-4fa4-a97d-d965ccfc6d4b" outcome="Failed" testListId="8c84fa94-04c1-424b-9868-57a2d4851a1d" relativeResultsDirectory="076304c2-cc3a-4f36-9172-598e4c403bea">
      <Output>
        <ErrorInfo>
          <Message>System.Text.Json.JsonException : The JSON value could not be converted to System.Collections.Generic.List`1[TimeVault.Api.IntegrationTests.VaultApiTests+VaultResponse]. Path: $ | LineNumber: 0 | BytePositionInLine: 1.</Message>
          <StackTrace>   at System.Text.Json.ThrowHelper.ThrowJsonException_DeserializeUnableToConvertValue(Type propertyType)
   at System.Text.Json.Serialization.JsonCollectionConverter`2.OnTryRead(Utf8JsonReader&amp; reader, Type typeToConvert, JsonSerializerOptions options, ReadStack&amp; state, TCollection&amp; value)
   at System.Text.Json.Serialization.JsonConverter`1.TryRead(Utf8JsonReader&amp; reader, Type typeToConvert, JsonSerializerOptions options, ReadStack&amp; state, T&amp; value)
   at System.Text.Json.Serialization.JsonConverter`1.ReadCore(Utf8JsonReader&amp; reader, JsonSerializerOptions options, ReadStack&amp; state)
   at System.Text.Json.JsonSerializer.ContinueDeserialize[TValue](ReadBufferState&amp; bufferState, JsonReaderState&amp; jsonReaderState, ReadStack&amp; readStack, JsonTypeInfo jsonTypeInfo)
   at System.Text.Json.JsonSerializer.ReadFromStreamAsync[TValue](Stream utf8Json, JsonTypeInfo jsonTypeInfo, CancellationToken cancellationToken)
   at System.Net.Http.Json.HttpContentJsonExtensions.ReadFromJsonAsyncCore[T](HttpContent content, Encoding sourceEncoding, JsonSerializerOptions options, CancellationToken cancellationToken)
   at TimeVault.Api.IntegrationTests.VaultApiTests.GetVaults_ShouldReturnUserVaults() in /Users/ygeurts/Projects/Private/time-vault/backend/TimeVault/tests/TimeVault.Api.IntegrationTests/VaultApiTests.cs:line 78
--- End of stack trace from previous location ---</StackTrace>
        </ErrorInfo>
      </Output>
    </UnitTestResult>
    <UnitTestResult executionId="8e6c8677-d90e-4233-be65-e8631379fd29" testId="0a545c03-a9c9-9dfc-8d1b-5ebda33f465d" testName="TimeVault.Api.IntegrationTests.MessageApiTests.UpdateMessage_WithValidData_ShouldUpdateMessage" computerName="Ygor-Geurts-MacBook-Pro-N3X27Q9XMT" duration="00:00:05.3437325" startTime="2025-05-16T19:38:17.2768440+02:00" endTime="2025-05-16T19:38:17.2768450+02:00" testType="13cdc9d9-ddb5-4fa4-a97d-d965ccfc6d4b" outcome="Passed" testListId="8c84fa94-04c1-424b-9868-57a2d4851a1d" relativeResultsDirectory="8e6c8677-d90e-4233-be65-e8631379fd29" />
    <UnitTestResult executionId="a4d5e5f6-0d33-4736-bf9f-a3c9cf14466b" testId="d1676809-837f-3c64-6f35-86f0e9ec3eb2" testName="TimeVault.Api.IntegrationTests.DatabaseColumnCaseTests.CanQueryUserByEmail_CaseInsensitive" computerName="Ygor-Geurts-MacBook-Pro-N3X27Q9XMT" duration="00:00:00.0556640" startTime="2025-05-16T19:38:16.0239150+02:00" endTime="2025-05-16T19:38:16.0239150+02:00" testType="13cdc9d9-ddb5-4fa4-a97d-d965ccfc6d4b" outcome="Passed" testListId="8c84fa94-04c1-424b-9868-57a2d4851a1d" relativeResultsDirectory="a4d5e5f6-0d33-4736-bf9f-a3c9cf14466b" />
    <UnitTestResult executionId="a9ced7d8-f34b-4343-a11e-d36f79df9835" testId="4c2ce37f-4b81-9342-f1d8-f3ba90493fe4" testName="TimeVault.Api.IntegrationTests.MessageApiTests.AccessMessage_InUnsharedVault_ShouldReturnForbidden" computerName="Ygor-Geurts-MacBook-Pro-N3X27Q9XMT" duration="00:00:01.5474055" startTime="2025-05-16T19:38:22.3006340+02:00" endTime="2025-05-16T19:38:22.3006350+02:00" testType="13cdc9d9-ddb5-4fa4-a97d-d965ccfc6d4b" outcome="Passed" testListId="8c84fa94-04c1-424b-9868-57a2d4851a1d" relativeResultsDirectory="a9ced7d8-f34b-4343-a11e-d36f79df9835" />
    <UnitTestResult executionId="b70bbf36-45df-429d-863e-5fe2ad4aab56" testId="2bc0f300-f14c-7c68-5c9f-93af24f5f591" testName="TimeVault.Api.IntegrationTests.AuthApiTests.Login_WithValidCredentials_ShouldReturnToken" computerName="Ygor-Geurts-MacBook-Pro-N3X27Q9XMT" duration="00:00:00.0767183" startTime="2025-05-16T19:38:16.1177210+02:00" endTime="2025-05-16T19:38:16.1177220+02:00" testType="13cdc9d9-ddb5-4fa4-a97d-d965ccfc6d4b" outcome="Passed" testListId="8c84fa94-04c1-424b-9868-57a2d4851a1d" relativeResultsDirectory="b70bbf36-45df-429d-863e-5fe2ad4aab56" />
    <UnitTestResult executionId="8c2e7068-ad23-4e27-acdf-0a58d0527a21" testId="2f289e59-005f-350e-afa9-fd970019c131" testName="TimeVault.Api.IntegrationTests.ErrorHandlingTests.UpdateMessage_WithOverlongContent_ShouldReturnValidationError" computerName="Ygor-Geurts-MacBook-Pro-N3X27Q9XMT" duration="00:00:00.4570382" startTime="2025-05-16T19:38:17.4972490+02:00" endTime="2025-05-16T19:38:17.4972500+02:00" testType="13cdc9d9-ddb5-4fa4-a97d-d965ccfc6d4b" outcome="Passed" testListId="8c84fa94-04c1-424b-9868-57a2d4851a1d" relativeResultsDirectory="8c2e7068-ad23-4e27-acdf-0a58d0527a21" />
    <UnitTestResult executionId="bdee0537-ea00-4c31-8b6a-9211831d15e0" testId="e72d3517-3137-998b-ad42-da3338b5ec36" testName="TimeVault.Api.IntegrationTests.VaultApiTests.AccessVault_NotOwnedOrShared_ShouldReturnForbidden" computerName="Ygor-Geurts-MacBook-Pro-N3X27Q9XMT" duration="00:00:00.7580295" startTime="2025-05-16T19:38:18.6946500+02:00" endTime="2025-05-16T19:38:18.6946510+02:00" testType="13cdc9d9-ddb5-4fa4-a97d-d965ccfc6d4b" outcome="Passed" testListId="8c84fa94-04c1-424b-9868-57a2d4851a1d" relativeResultsDirectory="bdee0537-ea00-4c31-8b6a-9211831d15e0" />
    <UnitTestResult executionId="a47e2622-3100-4be8-93f5-2f461c4fe19a" testId="c01e9768-dc21-ba48-091a-ac521f48447c" testName="TimeVault.Api.IntegrationTests.MessageApiTests.GetMessages_ForVault_ShouldReturnAllMessages" computerName="Ygor-Geurts-MacBook-Pro-N3X27Q9XMT" duration="00:00:00.3911674" startTime="2025-05-16T19:38:17.6683080+02:00" endTime="2025-05-16T19:38:17.6683090+02:00" testType="13cdc9d9-ddb5-4fa4-a97d-d965ccfc6d4b" outcome="Passed" testListId="8c84fa94-04c1-424b-9868-57a2d4851a1d" relativeResultsDirectory="a47e2622-3100-4be8-93f5-2f461c4fe19a" />
    <UnitTestResult executionId="e38ed422-fa46-4ff2-a212-8f2053a561a1" testId="08a4d897-24db-b56b-38d5-4c2e183be588" testName="TimeVault.Api.IntegrationTests.VaultApiTests.ShareVault_WithValidEmail_ShouldShareVault" computerName="Ygor-Geurts-MacBook-Pro-N3X27Q9XMT" duration="00:00:00.5920250" startTime="2025-05-16T19:38:20.5932610+02:00" endTime="2025-05-16T19:38:20.5932610+02:00" testType="13cdc9d9-ddb5-4fa4-a97d-d965ccfc6d4b" outcome="Passed" testListId="8c84fa94-04c1-424b-9868-57a2d4851a1d" relativeResultsDirectory="e38ed422-fa46-4ff2-a212-8f2053a561a1" />
    <UnitTestResult executionId="0e440503-b8a5-492d-9795-d05b4ef68639" testId="3f933796-8bce-9402-b85c-8de494bcaa14" testName="TimeVault.Api.IntegrationTests.BasicRouteTests.AuthLoginEndpoint_ShouldBeAvailable" computerName="Ygor-Geurts-MacBook-Pro-N3X27Q9XMT" duration="00:00:00.7463512" startTime="2025-05-16T19:38:15.7918880+02:00" endTime="2025-05-16T19:38:15.7918880+02:00" testType="13cdc9d9-ddb5-4fa4-a97d-d965ccfc6d4b" outcome="Passed" testListId="8c84fa94-04c1-424b-9868-57a2d4851a1d" relativeResultsDirectory="0e440503-b8a5-492d-9795-d05b4ef68639" />
    <UnitTestResult executionId="4e557a8d-6838-4184-b79d-07ec9951a4b7" testId="a7844ee8-8846-86d2-f553-ec770bb87b56" testName="TimeVault.Api.IntegrationTests.DatabaseColumnCaseTests.CanCreateAndQueryVault_WithCaseInsensitiveColumns" computerName="Ygor-Geurts-MacBook-Pro-N3X27Q9XMT" duration="00:00:00.0962168" startTime="2025-05-16T19:38:16.1413690+02:00" endTime="2025-05-16T19:38:16.1413690+02:00" testType="13cdc9d9-ddb5-4fa4-a97d-d965ccfc6d4b" outcome="Passed" testListId="8c84fa94-04c1-424b-9868-57a2d4851a1d" relativeResultsDirectory="4e557a8d-6838-4184-b79d-07ec9951a4b7" />
    <UnitTestResult executionId="c12fec78-19d2-4c19-9214-a19fc8498c3d" testId="8b0d5a94-40db-f598-f1f0-bd258c1c0909" testName="TimeVault.Api.IntegrationTests.MessageApiTests.AddMessage_ToVault_ShouldCreateMessage" computerName="Ygor-Geurts-MacBook-Pro-N3X27Q9XMT" duration="00:00:00.3670550" startTime="2025-05-16T19:38:22.6687870+02:00" endTime="2025-05-16T19:38:22.6687870+02:00" testType="13cdc9d9-ddb5-4fa4-a97d-d965ccfc6d4b" outcome="Passed" testListId="8c84fa94-04c1-424b-9868-57a2d4851a1d" relativeResultsDirectory="c12fec78-19d2-4c19-9214-a19fc8498c3d" />
    <UnitTestResult executionId="f113a0cc-4cbb-4a51-bf79-705f08e4515e" testId="42882bd7-d93a-d1a2-9d3a-432b6961d65e" testName="TimeVault.Api.IntegrationTests.MessageApiTests.CreateTimeLocked_Message_ShouldBeRetrievableButLocked" computerName="Ygor-Geurts-MacBook-Pro-N3X27Q9XMT" duration="00:00:01.6040957" startTime="2025-05-16T19:38:19.2730170+02:00" endTime="2025-05-16T19:38:19.2730170+02:00" testType="13cdc9d9-ddb5-4fa4-a97d-d965ccfc6d4b" outcome="Passed" testListId="8c84fa94-04c1-424b-9868-57a2d4851a1d" relativeResultsDirectory="f113a0cc-4cbb-4a51-bf79-705f08e4515e" />
    <UnitTestResult executionId="4b84830b-3bc3-4772-a670-66bbe02cdf5f" testId="ececbbc7-67ed-82b4-ea74-2f433a9095c8" testName="TimeVault.Api.IntegrationTests.ErrorHandlingTests.RevokeShare_FromUnsharedVault_ShouldReturnError" computerName="Ygor-Geurts-MacBook-Pro-N3X27Q9XMT" duration="00:00:00.3364688" startTime="2025-05-16T19:38:17.8916490+02:00" endTime="2025-05-16T19:38:17.8916490+02:00" testType="13cdc9d9-ddb5-4fa4-a97d-d965ccfc6d4b" outcome="Passed" testListId="8c84fa94-04c1-424b-9868-57a2d4851a1d" relativeResultsDirectory="4b84830b-3bc3-4772-a670-66bbe02cdf5f" />
    <UnitTestResult executionId="cebe384f-0978-4496-a978-e4a65c113071" testId="09a00f05-4a61-1704-0088-0b0ddbab628b" testName="TimeVault.Api.IntegrationTests.UnitTest1.Test1" computerName="Ygor-Geurts-MacBook-Pro-N3X27Q9XMT" duration="00:00:00.0104380" startTime="2025-05-16T19:38:11.9722990+02:00" endTime="2025-05-16T19:38:11.9730050+02:00" testType="13cdc9d9-ddb5-4fa4-a97d-d965ccfc6d4b" outcome="Passed" testListId="8c84fa94-04c1-424b-9868-57a2d4851a1d" relativeResultsDirectory="cebe384f-0978-4496-a978-e4a65c113071" />
    <UnitTestResult executionId="80692f9e-7478-4145-916b-4b6af1b5d8ee" testId="608dba87-933a-895a-b0fa-c6e0437b6df1" testName="TimeVault.Api.IntegrationTests.ErrorHandlingTests.ShareVault_WithNonexistentEmail_ShouldReturnError" computerName="Ygor-Geurts-MacBook-Pro-N3X27Q9XMT" duration="00:00:00.5269903" startTime="2025-05-16T19:38:18.4431600+02:00" endTime="2025-05-16T19:38:18.4431600+02:00" testType="13cdc9d9-ddb5-4fa4-a97d-d965ccfc6d4b" outcome="Passed" testListId="8c84fa94-04c1-424b-9868-57a2d4851a1d" relativeResultsDirectory="80692f9e-7478-4145-916b-4b6af1b5d8ee" />
    <UnitTestResult executionId="2edfc9e3-4251-4767-930c-d594a10c0d8a" testId="c708fe29-69e8-00aa-72cd-74a29305577f" testName="TimeVault.Api.IntegrationTests.VaultApiTests.UpdateVault_WithValidData_ShouldUpdateVault" computerName="Ygor-Geurts-MacBook-Pro-N3X27Q9XMT" duration="00:00:00.3541497" startTime="2025-05-16T19:38:19.6737680+02:00" endTime="2025-05-16T19:38:19.6737690+02:00" testType="13cdc9d9-ddb5-4fa4-a97d-d965ccfc6d4b" outcome="Passed" testListId="8c84fa94-04c1-424b-9868-57a2d4851a1d" relativeResultsDirectory="2edfc9e3-4251-4767-930c-d594a10c0d8a" />
    <UnitTestResult executionId="9a68dc7d-dd97-4200-b8a4-3d122f86b2d5" testId="5b6f6ffb-ee25-73a3-fc54-5ce6a6203624" testName="TimeVault.Api.IntegrationTests.BasicRouteTests.AuthRegisterEndpoint_ShouldBeAvailable" computerName="Ygor-Geurts-MacBook-Pro-N3X27Q9XMT" duration="00:00:00.2274702" startTime="2025-05-16T19:38:16.0194180+02:00" endTime="2025-05-16T19:38:16.0194180+02:00" testType="13cdc9d9-ddb5-4fa4-a97d-d965ccfc6d4b" outcome="Passed" testListId="8c84fa94-04c1-424b-9868-57a2d4851a1d" relativeResultsDirectory="9a68dc7d-dd97-4200-b8a4-3d122f86b2d5" />
    <UnitTestResult executionId="8d8aa66a-8e77-4e35-8e50-80fcfd4607e5" testId="00e6e8fe-53ce-ca3a-d80c-dcbdf621e615" testName="TimeVault.Api.IntegrationTests.VaultApiTests.CreateVault_WithValidData_ShouldReturnSuccess" computerName="Ygor-Geurts-MacBook-Pro-N3X27Q9XMT" duration="00:00:00.3243881" startTime="2025-05-16T19:38:19.9993300+02:00" endTime="2025-05-16T19:38:19.9993300+02:00" testType="13cdc9d9-ddb5-4fa4-a97d-d965ccfc6d4b" outcome="Passed" testListId="8c84fa94-04c1-424b-9868-57a2d4851a1d" relativeResultsDirectory="8d8aa66a-8e77-4e35-8e50-80fcfd4607e5" />
  </Results>
  <TestDefinitions>
    <UnitTest name="TimeVault.Api.IntegrationTests.VaultApiTests.UpdateVault_WithValidData_ShouldUpdateVault" storage="/users/ygeurts/projects/private/time-vault/backend/timevault/tests/timevault.api.integrationtests/bin/debug/net7.0/timevault.api.integrationtests.dll" id="c708fe29-69e8-00aa-72cd-74a29305577f">
      <Execution id="2edfc9e3-4251-4767-930c-d594a10c0d8a" />
      <TestMethod codeBase="/Users/ygeurts/Projects/Private/time-vault/backend/TimeVault/tests/TimeVault.Api.IntegrationTests/bin/Debug/net7.0/TimeVault.Api.IntegrationTests.dll" adapterTypeName="executor://xunit/VsTestRunner2/netcoreapp" className="TimeVault.Api.IntegrationTests.VaultApiTests" name="UpdateVault_WithValidData_ShouldUpdateVault" />
    </UnitTest>
    <UnitTest name="TimeVault.Api.IntegrationTests.ErrorHandlingTests.CreateMessage_WithInvalidUnlockTime_ShouldReturnValidationError" storage="/users/ygeurts/projects/private/time-vault/backend/timevault/tests/timevault.api.integrationtests/bin/debug/net7.0/timevault.api.integrationtests.dll" id="2104a2cb-65fa-5f94-a2f4-aedffc99152a">
      <Execution id="5d509d64-3b16-4195-893f-bb233ea0ccca" />
      <TestMethod codeBase="/Users/ygeurts/Projects/Private/time-vault/backend/TimeVault/tests/TimeVault.Api.IntegrationTests/bin/Debug/net7.0/TimeVault.Api.IntegrationTests.dll" adapterTypeName="executor://xunit/VsTestRunner2/netcoreapp" className="TimeVault.Api.IntegrationTests.ErrorHandlingTests" name="CreateMessage_WithInvalidUnlockTime_ShouldReturnValidationError" />
    </UnitTest>
    <UnitTest name="TimeVault.Api.IntegrationTests.ErrorHandlingTests.AccessProtectedRoute_WithInvalidToken_ShouldReturnUnauthorized" storage="/users/ygeurts/projects/private/time-vault/backend/timevault/tests/timevault.api.integrationtests/bin/debug/net7.0/timevault.api.integrationtests.dll" id="2b67630c-c4aa-79ee-22ce-e53dde6fbd87">
      <Execution id="14bc8862-b567-49b8-975d-5322e1644ad5" />
      <TestMethod codeBase="/Users/ygeurts/Projects/Private/time-vault/backend/TimeVault/tests/TimeVault.Api.IntegrationTests/bin/Debug/net7.0/TimeVault.Api.IntegrationTests.dll" adapterTypeName="executor://xunit/VsTestRunner2/netcoreapp" className="TimeVault.Api.IntegrationTests.ErrorHandlingTests" name="AccessProtectedRoute_WithInvalidToken_ShouldReturnUnauthorized" />
    </UnitTest>
    <UnitTest name="TimeVault.Api.IntegrationTests.DatabaseColumnCaseTests.CanCreateAndQueryVault_WithCaseInsensitiveColumns" storage="/users/ygeurts/projects/private/time-vault/backend/timevault/tests/timevault.api.integrationtests/bin/debug/net7.0/timevault.api.integrationtests.dll" id="a7844ee8-8846-86d2-f553-ec770bb87b56">
      <Execution id="4e557a8d-6838-4184-b79d-07ec9951a4b7" />
      <TestMethod codeBase="/Users/ygeurts/Projects/Private/time-vault/backend/TimeVault/tests/TimeVault.Api.IntegrationTests/bin/Debug/net7.0/TimeVault.Api.IntegrationTests.dll" adapterTypeName="executor://xunit/VsTestRunner2/netcoreapp" className="TimeVault.Api.IntegrationTests.DatabaseColumnCaseTests" name="CanCreateAndQueryVault_WithCaseInsensitiveColumns" />
    </UnitTest>
    <UnitTest name="TimeVault.Api.IntegrationTests.AuthApiTests.Login_WithValidCredentials_ShouldReturnToken" storage="/users/ygeurts/projects/private/time-vault/backend/timevault/tests/timevault.api.integrationtests/bin/debug/net7.0/timevault.api.integrationtests.dll" id="2bc0f300-f14c-7c68-5c9f-93af24f5f591">
      <Execution id="b70bbf36-45df-429d-863e-5fe2ad4aab56" />
      <TestMethod codeBase="/Users/ygeurts/Projects/Private/time-vault/backend/TimeVault/tests/TimeVault.Api.IntegrationTests/bin/Debug/net7.0/TimeVault.Api.IntegrationTests.dll" adapterTypeName="executor://xunit/VsTestRunner2/netcoreapp" className="TimeVault.Api.IntegrationTests.AuthApiTests" name="Login_WithValidCredentials_ShouldReturnToken" />
    </UnitTest>
    <UnitTest name="TimeVault.Api.IntegrationTests.BasicRouteTests.AuthRegisterEndpoint_ShouldBeAvailable" storage="/users/ygeurts/projects/private/time-vault/backend/timevault/tests/timevault.api.integrationtests/bin/debug/net7.0/timevault.api.integrationtests.dll" id="5b6f6ffb-ee25-73a3-fc54-5ce6a6203624">
      <Execution id="9a68dc7d-dd97-4200-b8a4-3d122f86b2d5" />
      <TestMethod codeBase="/Users/ygeurts/Projects/Private/time-vault/backend/TimeVault/tests/TimeVault.Api.IntegrationTests/bin/Debug/net7.0/TimeVault.Api.IntegrationTests.dll" adapterTypeName="executor://xunit/VsTestRunner2/netcoreapp" className="TimeVault.Api.IntegrationTests.BasicRouteTests" name="AuthRegisterEndpoint_ShouldBeAvailable" />
    </UnitTest>
    <UnitTest name="TimeVault.Api.IntegrationTests.ErrorHandlingTests.InvalidLogin_WithNonexistentUser_ShouldReturnError" storage="/users/ygeurts/projects/private/time-vault/backend/timevault/tests/timevault.api.integrationtests/bin/debug/net7.0/timevault.api.integrationtests.dll" id="7125806d-6601-862b-de14-502e373d09ba">
      <Execution id="cd547a15-12cd-4d11-ab12-216da3f03d52" />
      <TestMethod codeBase="/Users/ygeurts/Projects/Private/time-vault/backend/TimeVault/tests/TimeVault.Api.IntegrationTests/bin/Debug/net7.0/TimeVault.Api.IntegrationTests.dll" adapterTypeName="executor://xunit/VsTestRunner2/netcoreapp" className="TimeVault.Api.IntegrationTests.ErrorHandlingTests" name="InvalidLogin_WithNonexistentUser_ShouldReturnError" />
    </UnitTest>
    <UnitTest name="TimeVault.Api.IntegrationTests.VaultApiTests.GetVaultDetails_WithValidId_ShouldReturnVaultDetails" storage="/users/ygeurts/projects/private/time-vault/backend/timevault/tests/timevault.api.integrationtests/bin/debug/net7.0/timevault.api.integrationtests.dll" id="f8c8b720-98ae-c707-7956-5b92eaac738f">
      <Execution id="e37c9e9a-9725-4544-adfa-91af2aa82e39" />
      <TestMethod codeBase="/Users/ygeurts/Projects/Private/time-vault/backend/TimeVault/tests/TimeVault.Api.IntegrationTests/bin/Debug/net7.0/TimeVault.Api.IntegrationTests.dll" adapterTypeName="executor://xunit/VsTestRunner2/netcoreapp" className="TimeVault.Api.IntegrationTests.VaultApiTests" name="GetVaultDetails_WithValidId_ShouldReturnVaultDetails" />
    </UnitTest>
    <UnitTest name="TimeVault.Api.IntegrationTests.VaultApiTests.GetSharedVaults_ShouldReturnVaultsSharedWithUser" storage="/users/ygeurts/projects/private/time-vault/backend/timevault/tests/timevault.api.integrationtests/bin/debug/net7.0/timevault.api.integrationtests.dll" id="a440bda9-adb1-0803-dae8-b6e4b25bf4af">
      <Execution id="2a8e6c99-2a1d-4370-bac9-31371d09d412" />
      <TestMethod codeBase="/Users/ygeurts/Projects/Private/time-vault/backend/TimeVault/tests/TimeVault.Api.IntegrationTests/bin/Debug/net7.0/TimeVault.Api.IntegrationTests.dll" adapterTypeName="executor://xunit/VsTestRunner2/netcoreapp" className="TimeVault.Api.IntegrationTests.VaultApiTests" name="GetSharedVaults_ShouldReturnVaultsSharedWithUser" />
    </UnitTest>
    <UnitTest name="TimeVault.Api.IntegrationTests.BasicRouteTests.RootEndpoint_ShouldReturn200" storage="/users/ygeurts/projects/private/time-vault/backend/timevault/tests/timevault.api.integrationtests/bin/debug/net7.0/timevault.api.integrationtests.dll" id="296ef95f-e4fe-d4b6-f6c4-4030442d4b10">
      <Execution id="c1b45b08-5bc0-4ef5-a1c7-3ec7deb7824d" />
      <TestMethod codeBase="/Users/ygeurts/Projects/Private/time-vault/backend/TimeVault/tests/TimeVault.Api.IntegrationTests/bin/Debug/net7.0/TimeVault.Api.IntegrationTests.dll" adapterTypeName="executor://xunit/VsTestRunner2/netcoreapp" className="TimeVault.Api.IntegrationTests.BasicRouteTests" name="RootEndpoint_ShouldReturn200" />
    </UnitTest>
    <UnitTest name="TimeVault.Api.IntegrationTests.UnitTest1.Test1" storage="/users/ygeurts/projects/private/time-vault/backend/timevault/tests/timevault.api.integrationtests/bin/debug/net7.0/timevault.api.integrationtests.dll" id="09a00f05-4a61-1704-0088-0b0ddbab628b">
      <Execution id="cebe384f-0978-4496-a978-e4a65c113071" />
      <TestMethod codeBase="/Users/ygeurts/Projects/Private/time-vault/backend/TimeVault/tests/TimeVault.Api.IntegrationTests/bin/Debug/net7.0/TimeVault.Api.IntegrationTests.dll" adapterTypeName="executor://xunit/VsTestRunner2/netcoreapp" className="TimeVault.Api.IntegrationTests.UnitTest1" name="Test1" />
    </UnitTest>
    <UnitTest name="TimeVault.Api.IntegrationTests.VaultApiTests.ShareVault_WithValidEmail_ShouldShareVault" storage="/users/ygeurts/projects/private/time-vault/backend/timevault/tests/timevault.api.integrationtests/bin/debug/net7.0/timevault.api.integrationtests.dll" id="08a4d897-24db-b56b-38d5-4c2e183be588">
      <Execution id="e38ed422-fa46-4ff2-a212-8f2053a561a1" />
      <TestMethod codeBase="/Users/ygeurts/Projects/Private/time-vault/backend/TimeVault/tests/TimeVault.Api.IntegrationTests/bin/Debug/net7.0/TimeVault.Api.IntegrationTests.dll" adapterTypeName="executor://xunit/VsTestRunner2/netcoreapp" className="TimeVault.Api.IntegrationTests.VaultApiTests" name="ShareVault_WithValidEmail_ShouldShareVault" />
    </UnitTest>
    <UnitTest name="TimeVault.Api.IntegrationTests.BasicRouteTests.VaultsEndpoint_ShouldExist" storage="/users/ygeurts/projects/private/time-vault/backend/timevault/tests/timevault.api.integrationtests/bin/debug/net7.0/timevault.api.integrationtests.dll" id="1074e3e1-1aa3-6d3b-ff00-2b823cd24bbc">
      <Execution id="803a71e2-a0a5-49dd-a340-3ec7b7e158c3" />
      <TestMethod codeBase="/Users/ygeurts/Projects/Private/time-vault/backend/TimeVault/tests/TimeVault.Api.IntegrationTests/bin/Debug/net7.0/TimeVault.Api.IntegrationTests.dll" adapterTypeName="executor://xunit/VsTestRunner2/netcoreapp" className="TimeVault.Api.IntegrationTests.BasicRouteTests" name="VaultsEndpoint_ShouldExist" />
    </UnitTest>
    <UnitTest name="TimeVault.Api.IntegrationTests.AuthApiTests.Register_WithValidUser_ShouldReturnSuccess" storage="/users/ygeurts/projects/private/time-vault/backend/timevault/tests/timevault.api.integrationtests/bin/debug/net7.0/timevault.api.integrationtests.dll" id="2e924bd8-af70-4f7f-ef0a-a87a58f8c257">
      <Execution id="ecc4dc24-ac73-4e48-9e73-10c1e5aa7d05" />
      <TestMethod codeBase="/Users/ygeurts/Projects/Private/time-vault/backend/TimeVault/tests/TimeVault.Api.IntegrationTests/bin/Debug/net7.0/TimeVault.Api.IntegrationTests.dll" adapterTypeName="executor://xunit/VsTestRunner2/netcoreapp" className="TimeVault.Api.IntegrationTests.AuthApiTests" name="Register_WithValidUser_ShouldReturnSuccess" />
    </UnitTest>
    <UnitTest name="TimeVault.Api.IntegrationTests.MessageApiTests.AccessMessage_InUnsharedVault_ShouldReturnForbidden" storage="/users/ygeurts/projects/private/time-vault/backend/timevault/tests/timevault.api.integrationtests/bin/debug/net7.0/timevault.api.integrationtests.dll" id="4c2ce37f-4b81-9342-f1d8-f3ba90493fe4">
      <Execution id="a9ced7d8-f34b-4343-a11e-d36f79df9835" />
      <TestMethod codeBase="/Users/ygeurts/Projects/Private/time-vault/backend/TimeVault/tests/TimeVault.Api.IntegrationTests/bin/Debug/net7.0/TimeVault.Api.IntegrationTests.dll" adapterTypeName="executor://xunit/VsTestRunner2/netcoreapp" className="TimeVault.Api.IntegrationTests.MessageApiTests" name="AccessMessage_InUnsharedVault_ShouldReturnForbidden" />
    </UnitTest>
    <UnitTest name="TimeVault.Api.IntegrationTests.BasicRouteTests.AuthLoginEndpoint_ShouldBeAvailable" storage="/users/ygeurts/projects/private/time-vault/backend/timevault/tests/timevault.api.integrationtests/bin/debug/net7.0/timevault.api.integrationtests.dll" id="3f933796-8bce-9402-b85c-8de494bcaa14">
      <Execution id="0e440503-b8a5-492d-9795-d05b4ef68639" />
      <TestMethod codeBase="/Users/ygeurts/Projects/Private/time-vault/backend/TimeVault/tests/TimeVault.Api.IntegrationTests/bin/Debug/net7.0/TimeVault.Api.IntegrationTests.dll" adapterTypeName="executor://xunit/VsTestRunner2/netcoreapp" className="TimeVault.Api.IntegrationTests.BasicRouteTests" name="AuthLoginEndpoint_ShouldBeAvailable" />
    </UnitTest>
    <UnitTest name="TimeVault.Api.IntegrationTests.MessageApiTests.AddMessage_ToVault_ShouldCreateMessage" storage="/users/ygeurts/projects/private/time-vault/backend/timevault/tests/timevault.api.integrationtests/bin/debug/net7.0/timevault.api.integrationtests.dll" id="8b0d5a94-40db-f598-f1f0-bd258c1c0909">
      <Execution id="c12fec78-19d2-4c19-9214-a19fc8498c3d" />
      <TestMethod codeBase="/Users/ygeurts/Projects/Private/time-vault/backend/TimeVault/tests/TimeVault.Api.IntegrationTests/bin/Debug/net7.0/TimeVault.Api.IntegrationTests.dll" adapterTypeName="executor://xunit/VsTestRunner2/netcoreapp" className="TimeVault.Api.IntegrationTests.MessageApiTests" name="AddMessage_ToVault_ShouldCreateMessage" />
    </UnitTest>
    <UnitTest name="TimeVault.Api.IntegrationTests.ErrorHandlingTests.InvalidRegistration_WithExistingEmail_ShouldReturnError" storage="/users/ygeurts/projects/private/time-vault/backend/timevault/tests/timevault.api.integrationtests/bin/debug/net7.0/timevault.api.integrationtests.dll" id="dbb8d2d9-c2cf-4eea-bf7e-f32191a712c6">
      <Execution id="bdf79f1a-1991-43eb-a5ee-508f5895ea89" />
      <TestMethod codeBase="/Users/ygeurts/Projects/Private/time-vault/backend/TimeVault/tests/TimeVault.Api.IntegrationTests/bin/Debug/net7.0/TimeVault.Api.IntegrationTests.dll" adapterTypeName="executor://xunit/VsTestRunner2/netcoreapp" className="TimeVault.Api.IntegrationTests.ErrorHandlingTests" name="InvalidRegistration_WithExistingEmail_ShouldReturnError" />
    </UnitTest>
    <UnitTest name="TimeVault.Api.IntegrationTests.ErrorHandlingTests.CreateVault_WithInvalidData_ShouldReturnValidationError" storage="/users/ygeurts/projects/private/time-vault/backend/timevault/tests/timevault.api.integrationtests/bin/debug/net7.0/timevault.api.integrationtests.dll" id="d365a85b-d13c-e9ea-ee84-2f269834b2b6">
      <Execution id="700b4e4b-05ed-40f3-8a21-15c484c6e719" />
      <TestMethod codeBase="/Users/ygeurts/Projects/Private/time-vault/backend/TimeVault/tests/TimeVault.Api.IntegrationTests/bin/Debug/net7.0/TimeVault.Api.IntegrationTests.dll" adapterTypeName="executor://xunit/VsTestRunner2/netcoreapp" className="TimeVault.Api.IntegrationTests.ErrorHandlingTests" name="CreateVault_WithInvalidData_ShouldReturnValidationError" />
    </UnitTest>
    <UnitTest name="TimeVault.Api.IntegrationTests.ErrorHandlingTests.ShareVault_WithNonexistentEmail_ShouldReturnError" storage="/users/ygeurts/projects/private/time-vault/backend/timevault/tests/timevault.api.integrationtests/bin/debug/net7.0/timevault.api.integrationtests.dll" id="608dba87-933a-895a-b0fa-c6e0437b6df1">
      <Execution id="80692f9e-7478-4145-916b-4b6af1b5d8ee" />
      <TestMethod codeBase="/Users/ygeurts/Projects/Private/time-vault/backend/TimeVault/tests/TimeVault.Api.IntegrationTests/bin/Debug/net7.0/TimeVault.Api.IntegrationTests.dll" adapterTypeName="executor://xunit/VsTestRunner2/netcoreapp" className="TimeVault.Api.IntegrationTests.ErrorHandlingTests" name="ShareVault_WithNonexistentEmail_ShouldReturnError" />
    </UnitTest>
    <UnitTest name="TimeVault.Api.IntegrationTests.ErrorHandlingTests.GetVault_WithNonexistentId_ShouldReturnNotFound" storage="/users/ygeurts/projects/private/time-vault/backend/timevault/tests/timevault.api.integrationtests/bin/debug/net7.0/timevault.api.integrationtests.dll" id="c121103d-fe5e-5c96-436b-06ea9bb74a3a">
      <Execution id="bddf341d-cc40-437b-a369-506d86121357" />
      <TestMethod codeBase="/Users/ygeurts/Projects/Private/time-vault/backend/TimeVault/tests/TimeVault.Api.IntegrationTests/bin/Debug/net7.0/TimeVault.Api.IntegrationTests.dll" adapterTypeName="executor://xunit/VsTestRunner2/netcoreapp" className="TimeVault.Api.IntegrationTests.ErrorHandlingTests" name="GetVault_WithNonexistentId_ShouldReturnNotFound" />
    </UnitTest>
    <UnitTest name="TimeVault.Api.IntegrationTests.ErrorHandlingTests.RevokeShare_FromUnsharedVault_ShouldReturnError" storage="/users/ygeurts/projects/private/time-vault/backend/timevault/tests/timevault.api.integrationtests/bin/debug/net7.0/timevault.api.integrationtests.dll" id="ececbbc7-67ed-82b4-ea74-2f433a9095c8">
      <Execution id="4b84830b-3bc3-4772-a670-66bbe02cdf5f" />
      <TestMethod codeBase="/Users/ygeurts/Projects/Private/time-vault/backend/TimeVault/tests/TimeVault.Api.IntegrationTests/bin/Debug/net7.0/TimeVault.Api.IntegrationTests.dll" adapterTypeName="executor://xunit/VsTestRunner2/netcoreapp" className="TimeVault.Api.IntegrationTests.ErrorHandlingTests" name="RevokeShare_FromUnsharedVault_ShouldReturnError" />
    </UnitTest>
    <UnitTest name="TimeVault.Api.IntegrationTests.DatabaseColumnCaseTests.CanCreateAndRetrieveUserWithAllProperties" storage="/users/ygeurts/projects/private/time-vault/backend/timevault/tests/timevault.api.integrationtests/bin/debug/net7.0/timevault.api.integrationtests.dll" id="3338dba9-c447-3578-4e72-e9120a3c016c">
      <Execution id="7acfd6d5-29e8-43ff-8938-4836e4fbb4dc" />
      <TestMethod codeBase="/Users/ygeurts/Projects/Private/time-vault/backend/TimeVault/tests/TimeVault.Api.IntegrationTests/bin/Debug/net7.0/TimeVault.Api.IntegrationTests.dll" adapterTypeName="executor://xunit/VsTestRunner2/netcoreapp" className="TimeVault.Api.IntegrationTests.DatabaseColumnCaseTests" name="CanCreateAndRetrieveUserWithAllProperties" />
    </UnitTest>
    <UnitTest name="TimeVault.Api.IntegrationTests.MessageApiTests.DeleteMessage_OwnedByUser_ShouldRemoveMessage" storage="/users/ygeurts/projects/private/time-vault/backend/timevault/tests/timevault.api.integrationtests/bin/debug/net7.0/timevault.api.integrationtests.dll" id="ff8ece52-1eae-a482-9f38-332cfedc5059">
      <Execution id="9413b410-de24-4915-bfe3-c69542a6c2ac" />
      <TestMethod codeBase="/Users/ygeurts/Projects/Private/time-vault/backend/TimeVault/tests/TimeVault.Api.IntegrationTests/bin/Debug/net7.0/TimeVault.Api.IntegrationTests.dll" adapterTypeName="executor://xunit/VsTestRunner2/netcoreapp" className="TimeVault.Api.IntegrationTests.MessageApiTests" name="DeleteMessage_OwnedByUser_ShouldRemoveMessage" />
    </UnitTest>
    <UnitTest name="TimeVault.Api.IntegrationTests.ErrorHandlingTests.UpdateMessage_WithOverlongContent_ShouldReturnValidationError" storage="/users/ygeurts/projects/private/time-vault/backend/timevault/tests/timevault.api.integrationtests/bin/debug/net7.0/timevault.api.integrationtests.dll" id="2f289e59-005f-350e-afa9-fd970019c131">
      <Execution id="8c2e7068-ad23-4e27-acdf-0a58d0527a21" />
      <TestMethod codeBase="/Users/ygeurts/Projects/Private/time-vault/backend/TimeVault/tests/TimeVault.Api.IntegrationTests/bin/Debug/net7.0/TimeVault.Api.IntegrationTests.dll" adapterTypeName="executor://xunit/VsTestRunner2/netcoreapp" className="TimeVault.Api.IntegrationTests.ErrorHandlingTests" name="UpdateMessage_WithOverlongContent_ShouldReturnValidationError" />
    </UnitTest>
    <UnitTest name="TimeVault.Api.IntegrationTests.VaultApiTests.CreateVault_WithValidData_ShouldReturnSuccess" storage="/users/ygeurts/projects/private/time-vault/backend/timevault/tests/timevault.api.integrationtests/bin/debug/net7.0/timevault.api.integrationtests.dll" id="00e6e8fe-53ce-ca3a-d80c-dcbdf621e615">
      <Execution id="8d8aa66a-8e77-4e35-8e50-80fcfd4607e5" />
      <TestMethod codeBase="/Users/ygeurts/Projects/Private/time-vault/backend/TimeVault/tests/TimeVault.Api.IntegrationTests/bin/Debug/net7.0/TimeVault.Api.IntegrationTests.dll" adapterTypeName="executor://xunit/VsTestRunner2/netcoreapp" className="TimeVault.Api.IntegrationTests.VaultApiTests" name="CreateVault_WithValidData_ShouldReturnSuccess" />
    </UnitTest>
    <UnitTest name="TimeVault.Api.IntegrationTests.MessageApiTests.GetMessageDetails_WithValidId_ShouldReturnMessage" storage="/users/ygeurts/projects/private/time-vault/backend/timevault/tests/timevault.api.integrationtests/bin/debug/net7.0/timevault.api.integrationtests.dll" id="77134552-8007-a2b0-f426-9523370480dd">
      <Execution id="8e1c7e17-52b3-471d-bd3b-b0f1e10c31b4" />
      <TestMethod codeBase="/Users/ygeurts/Projects/Private/time-vault/backend/TimeVault/tests/TimeVault.Api.IntegrationTests/bin/Debug/net7.0/TimeVault.Api.IntegrationTests.dll" adapterTypeName="executor://xunit/VsTestRunner2/netcoreapp" className="TimeVault.Api.IntegrationTests.MessageApiTests" name="GetMessageDetails_WithValidId_ShouldReturnMessage" />
    </UnitTest>
    <UnitTest name="TimeVault.Api.IntegrationTests.MessageApiTests.UpdateMessage_WithValidData_ShouldUpdateMessage" storage="/users/ygeurts/projects/private/time-vault/backend/timevault/tests/timevault.api.integrationtests/bin/debug/net7.0/timevault.api.integrationtests.dll" id="0a545c03-a9c9-9dfc-8d1b-5ebda33f465d">
      <Execution id="8e6c8677-d90e-4233-be65-e8631379fd29" />
      <TestMethod codeBase="/Users/ygeurts/Projects/Private/time-vault/backend/TimeVault/tests/TimeVault.Api.IntegrationTests/bin/Debug/net7.0/TimeVault.Api.IntegrationTests.dll" adapterTypeName="executor://xunit/VsTestRunner2/netcoreapp" className="TimeVault.Api.IntegrationTests.MessageApiTests" name="UpdateMessage_WithValidData_ShouldUpdateMessage" />
    </UnitTest>
    <UnitTest name="TimeVault.Api.IntegrationTests.VaultApiTests.DeleteVault_OwnedByUser_ShouldRemoveVault" storage="/users/ygeurts/projects/private/time-vault/backend/timevault/tests/timevault.api.integrationtests/bin/debug/net7.0/timevault.api.integrationtests.dll" id="9afb9447-4006-6bb2-4b61-c771eeda965a">
      <Execution id="c37e42f3-23b4-4a88-b209-c1b7c323519f" />
      <TestMethod codeBase="/Users/ygeurts/Projects/Private/time-vault/backend/TimeVault/tests/TimeVault.Api.IntegrationTests/bin/Debug/net7.0/TimeVault.Api.IntegrationTests.dll" adapterTypeName="executor://xunit/VsTestRunner2/netcoreapp" className="TimeVault.Api.IntegrationTests.VaultApiTests" name="DeleteVault_OwnedByUser_ShouldRemoveVault" />
    </UnitTest>
    <UnitTest name="TimeVault.Api.IntegrationTests.MessageApiTests.CreateTimeLocked_Message_ShouldBeRetrievableButLocked" storage="/users/ygeurts/projects/private/time-vault/backend/timevault/tests/timevault.api.integrationtests/bin/debug/net7.0/timevault.api.integrationtests.dll" id="42882bd7-d93a-d1a2-9d3a-432b6961d65e">
      <Execution id="f113a0cc-4cbb-4a51-bf79-705f08e4515e" />
      <TestMethod codeBase="/Users/ygeurts/Projects/Private/time-vault/backend/TimeVault/tests/TimeVault.Api.IntegrationTests/bin/Debug/net7.0/TimeVault.Api.IntegrationTests.dll" adapterTypeName="executor://xunit/VsTestRunner2/netcoreapp" className="TimeVault.Api.IntegrationTests.MessageApiTests" name="CreateTimeLocked_Message_ShouldBeRetrievableButLocked" />
    </UnitTest>
    <UnitTest name="TimeVault.Api.IntegrationTests.DatabaseColumnCaseTests.CanCreateAndQueryMessageAndVaultShare_WithCaseInsensitiveColumns" storage="/users/ygeurts/projects/private/time-vault/backend/timevault/tests/timevault.api.integrationtests/bin/debug/net7.0/timevault.api.integrationtests.dll" id="7f9043c1-6ee6-b234-6914-f7ea1e438363">
      <Execution id="a7973635-1f4b-4d21-87db-ea03f6655b44" />
      <TestMethod codeBase="/Users/ygeurts/Projects/Private/time-vault/backend/TimeVault/tests/TimeVault.Api.IntegrationTests/bin/Debug/net7.0/TimeVault.Api.IntegrationTests.dll" adapterTypeName="executor://xunit/VsTestRunner2/netcoreapp" className="TimeVault.Api.IntegrationTests.DatabaseColumnCaseTests" name="CanCreateAndQueryMessageAndVaultShare_WithCaseInsensitiveColumns" />
    </UnitTest>
    <UnitTest name="TimeVault.Api.IntegrationTests.DatabaseColumnCaseTests.CanQueryUserByEmail_CaseInsensitive" storage="/users/ygeurts/projects/private/time-vault/backend/timevault/tests/timevault.api.integrationtests/bin/debug/net7.0/timevault.api.integrationtests.dll" id="d1676809-837f-3c64-6f35-86f0e9ec3eb2">
      <Execution id="a4d5e5f6-0d33-4736-bf9f-a3c9cf14466b" />
      <TestMethod codeBase="/Users/ygeurts/Projects/Private/time-vault/backend/TimeVault/tests/TimeVault.Api.IntegrationTests/bin/Debug/net7.0/TimeVault.Api.IntegrationTests.dll" adapterTypeName="executor://xunit/VsTestRunner2/netcoreapp" className="TimeVault.Api.IntegrationTests.DatabaseColumnCaseTests" name="CanQueryUserByEmail_CaseInsensitive" />
    </UnitTest>
    <UnitTest name="TimeVault.Api.IntegrationTests.VaultApiTests.GetVaults_ShouldReturnUserVaults" storage="/users/ygeurts/projects/private/time-vault/backend/timevault/tests/timevault.api.integrationtests/bin/debug/net7.0/timevault.api.integrationtests.dll" id="671b7530-76bc-ee66-3f59-9e2a938221af">
      <Execution id="076304c2-cc3a-4f36-9172-598e4c403bea" />
      <TestMethod codeBase="/Users/ygeurts/Projects/Private/time-vault/backend/TimeVault/tests/TimeVault.Api.IntegrationTests/bin/Debug/net7.0/TimeVault.Api.IntegrationTests.dll" adapterTypeName="executor://xunit/VsTestRunner2/netcoreapp" className="TimeVault.Api.IntegrationTests.VaultApiTests" name="GetVaults_ShouldReturnUserVaults" />
    </UnitTest>
    <UnitTest name="TimeVault.Api.IntegrationTests.MessageApiTests.GetUnlockedMessages_ShouldOnlyReturnUnlockedMessages" storage="/users/ygeurts/projects/private/time-vault/backend/timevault/tests/timevault.api.integrationtests/bin/debug/net7.0/timevault.api.integrationtests.dll" id="e16dbb2a-ea78-418b-9242-665c1bd419fa">
      <Execution id="43ff6546-5ebe-41b6-930e-402f71f96f9d" />
      <TestMethod codeBase="/Users/ygeurts/Projects/Private/time-vault/backend/TimeVault/tests/TimeVault.Api.IntegrationTests/bin/Debug/net7.0/TimeVault.Api.IntegrationTests.dll" adapterTypeName="executor://xunit/VsTestRunner2/netcoreapp" className="TimeVault.Api.IntegrationTests.MessageApiTests" name="GetUnlockedMessages_ShouldOnlyReturnUnlockedMessages" />
    </UnitTest>
    <UnitTest name="TimeVault.Api.IntegrationTests.VaultApiTests.AccessVault_NotOwnedOrShared_ShouldReturnForbidden" storage="/users/ygeurts/projects/private/time-vault/backend/timevault/tests/timevault.api.integrationtests/bin/debug/net7.0/timevault.api.integrationtests.dll" id="e72d3517-3137-998b-ad42-da3338b5ec36">
      <Execution id="bdee0537-ea00-4c31-8b6a-9211831d15e0" />
      <TestMethod codeBase="/Users/ygeurts/Projects/Private/time-vault/backend/TimeVault/tests/TimeVault.Api.IntegrationTests/bin/Debug/net7.0/TimeVault.Api.IntegrationTests.dll" adapterTypeName="executor://xunit/VsTestRunner2/netcoreapp" className="TimeVault.Api.IntegrationTests.VaultApiTests" name="AccessVault_NotOwnedOrShared_ShouldReturnForbidden" />
    </UnitTest>
    <UnitTest name="TimeVault.Api.IntegrationTests.MessageApiTests.GetMessages_ForVault_ShouldReturnAllMessages" storage="/users/ygeurts/projects/private/time-vault/backend/timevault/tests/timevault.api.integrationtests/bin/debug/net7.0/timevault.api.integrationtests.dll" id="c01e9768-dc21-ba48-091a-ac521f48447c">
      <Execution id="a47e2622-3100-4be8-93f5-2f461c4fe19a" />
      <TestMethod codeBase="/Users/ygeurts/Projects/Private/time-vault/backend/TimeVault/tests/TimeVault.Api.IntegrationTests/bin/Debug/net7.0/TimeVault.Api.IntegrationTests.dll" adapterTypeName="executor://xunit/VsTestRunner2/netcoreapp" className="TimeVault.Api.IntegrationTests.MessageApiTests" name="GetMessages_ForVault_ShouldReturnAllMessages" />
    </UnitTest>
    <UnitTest name="TimeVault.Api.IntegrationTests.ErrorHandlingTests.AccessProtectedRoute_WithoutToken_ShouldReturnUnauthorized" storage="/users/ygeurts/projects/private/time-vault/backend/timevault/tests/timevault.api.integrationtests/bin/debug/net7.0/timevault.api.integrationtests.dll" id="0771ccc9-8c21-6f72-89e0-974d09b1b511">
      <Execution id="62ce7af5-c97b-49d1-9626-c493e1344fd6" />
      <TestMethod codeBase="/Users/ygeurts/Projects/Private/time-vault/backend/TimeVault/tests/TimeVault.Api.IntegrationTests/bin/Debug/net7.0/TimeVault.Api.IntegrationTests.dll" adapterTypeName="executor://xunit/VsTestRunner2/netcoreapp" className="TimeVault.Api.IntegrationTests.ErrorHandlingTests" name="AccessProtectedRoute_WithoutToken_ShouldReturnUnauthorized" />
    </UnitTest>
    <UnitTest name="TimeVault.Api.IntegrationTests.ErrorHandlingTests.InvalidLogin_WithIncorrectPassword_ShouldReturnError" storage="/users/ygeurts/projects/private/time-vault/backend/timevault/tests/timevault.api.integrationtests/bin/debug/net7.0/timevault.api.integrationtests.dll" id="0c14c2b0-9fdc-3cdc-91ab-fa30c2ffe660">
      <Execution id="a7c49f1f-7788-4110-99e7-d72319c646a2" />
      <TestMethod codeBase="/Users/ygeurts/Projects/Private/time-vault/backend/TimeVault/tests/TimeVault.Api.IntegrationTests/bin/Debug/net7.0/TimeVault.Api.IntegrationTests.dll" adapterTypeName="executor://xunit/VsTestRunner2/netcoreapp" className="TimeVault.Api.IntegrationTests.ErrorHandlingTests" name="InvalidLogin_WithIncorrectPassword_ShouldReturnError" />
    </UnitTest>
  </TestDefinitions>
  <TestEntries>
    <TestEntry testId="dbb8d2d9-c2cf-4eea-bf7e-f32191a712c6" executionId="bdf79f1a-1991-43eb-a5ee-508f5895ea89" testListId="8c84fa94-04c1-424b-9868-57a2d4851a1d" />
    <TestEntry testId="3338dba9-c447-3578-4e72-e9120a3c016c" executionId="7acfd6d5-29e8-43ff-8938-4836e4fbb4dc" testListId="8c84fa94-04c1-424b-9868-57a2d4851a1d" />
    <TestEntry testId="0771ccc9-8c21-6f72-89e0-974d09b1b511" executionId="62ce7af5-c97b-49d1-9626-c493e1344fd6" testListId="8c84fa94-04c1-424b-9868-57a2d4851a1d" />
    <TestEntry testId="9afb9447-4006-6bb2-4b61-c771eeda965a" executionId="c37e42f3-23b4-4a88-b209-c1b7c323519f" testListId="8c84fa94-04c1-424b-9868-57a2d4851a1d" />
    <TestEntry testId="2b67630c-c4aa-79ee-22ce-e53dde6fbd87" executionId="14bc8862-b567-49b8-975d-5322e1644ad5" testListId="8c84fa94-04c1-424b-9868-57a2d4851a1d" />
    <TestEntry testId="296ef95f-e4fe-d4b6-f6c4-4030442d4b10" executionId="c1b45b08-5bc0-4ef5-a1c7-3ec7deb7824d" testListId="8c84fa94-04c1-424b-9868-57a2d4851a1d" />
    <TestEntry testId="7125806d-6601-862b-de14-502e373d09ba" executionId="cd547a15-12cd-4d11-ab12-216da3f03d52" testListId="8c84fa94-04c1-424b-9868-57a2d4851a1d" />
    <TestEntry testId="2e924bd8-af70-4f7f-ef0a-a87a58f8c257" executionId="ecc4dc24-ac73-4e48-9e73-10c1e5aa7d05" testListId="8c84fa94-04c1-424b-9868-57a2d4851a1d" />
    <TestEntry testId="ff8ece52-1eae-a482-9f38-332cfedc5059" executionId="9413b410-de24-4915-bfe3-c69542a6c2ac" testListId="8c84fa94-04c1-424b-9868-57a2d4851a1d" />
    <TestEntry testId="a440bda9-adb1-0803-dae8-b6e4b25bf4af" executionId="2a8e6c99-2a1d-4370-bac9-31371d09d412" testListId="8c84fa94-04c1-424b-9868-57a2d4851a1d" />
    <TestEntry testId="1074e3e1-1aa3-6d3b-ff00-2b823cd24bbc" executionId="803a71e2-a0a5-49dd-a340-3ec7b7e158c3" testListId="8c84fa94-04c1-424b-9868-57a2d4851a1d" />
    <TestEntry testId="77134552-8007-a2b0-f426-9523370480dd" executionId="8e1c7e17-52b3-471d-bd3b-b0f1e10c31b4" testListId="8c84fa94-04c1-424b-9868-57a2d4851a1d" />
    <TestEntry testId="0c14c2b0-9fdc-3cdc-91ab-fa30c2ffe660" executionId="a7c49f1f-7788-4110-99e7-d72319c646a2" testListId="8c84fa94-04c1-424b-9868-57a2d4851a1d" />
    <TestEntry testId="7f9043c1-6ee6-b234-6914-f7ea1e438363" executionId="a7973635-1f4b-4d21-87db-ea03f6655b44" testListId="8c84fa94-04c1-424b-9868-57a2d4851a1d" />
    <TestEntry testId="d365a85b-d13c-e9ea-ee84-2f269834b2b6" executionId="700b4e4b-05ed-40f3-8a21-15c484c6e719" testListId="8c84fa94-04c1-424b-9868-57a2d4851a1d" />
    <TestEntry testId="c121103d-fe5e-5c96-436b-06ea9bb74a3a" executionId="bddf341d-cc40-437b-a369-506d86121357" testListId="8c84fa94-04c1-424b-9868-57a2d4851a1d" />
    <TestEntry testId="f8c8b720-98ae-c707-7956-5b92eaac738f" executionId="e37c9e9a-9725-4544-adfa-91af2aa82e39" testListId="8c84fa94-04c1-424b-9868-57a2d4851a1d" />
    <TestEntry testId="e16dbb2a-ea78-418b-9242-665c1bd419fa" executionId="43ff6546-5ebe-41b6-930e-402f71f96f9d" testListId="8c84fa94-04c1-424b-9868-57a2d4851a1d" />
    <TestEntry testId="2104a2cb-65fa-5f94-a2f4-aedffc99152a" executionId="5d509d64-3b16-4195-893f-bb233ea0ccca" testListId="8c84fa94-04c1-424b-9868-57a2d4851a1d" />
    <TestEntry testId="671b7530-76bc-ee66-3f59-9e2a938221af" executionId="076304c2-cc3a-4f36-9172-598e4c403bea" testListId="8c84fa94-04c1-424b-9868-57a2d4851a1d" />
    <TestEntry testId="0a545c03-a9c9-9dfc-8d1b-5ebda33f465d" executionId="8e6c8677-d90e-4233-be65-e8631379fd29" testListId="8c84fa94-04c1-424b-9868-57a2d4851a1d" />
    <TestEntry testId="d1676809-837f-3c64-6f35-86f0e9ec3eb2" executionId="a4d5e5f6-0d33-4736-bf9f-a3c9cf14466b" testListId="8c84fa94-04c1-424b-9868-57a2d4851a1d" />
    <TestEntry testId="4c2ce37f-4b81-9342-f1d8-f3ba90493fe4" executionId="a9ced7d8-f34b-4343-a11e-d36f79df9835" testListId="8c84fa94-04c1-424b-9868-57a2d4851a1d" />
    <TestEntry testId="2bc0f300-f14c-7c68-5c9f-93af24f5f591" executionId="b70bbf36-45df-429d-863e-5fe2ad4aab56" testListId="8c84fa94-04c1-424b-9868-57a2d4851a1d" />
    <TestEntry testId="2f289e59-005f-350e-afa9-fd970019c131" executionId="8c2e7068-ad23-4e27-acdf-0a58d0527a21" testListId="8c84fa94-04c1-424b-9868-57a2d4851a1d" />
    <TestEntry testId="e72d3517-3137-998b-ad42-da3338b5ec36" executionId="bdee0537-ea00-4c31-8b6a-9211831d15e0" testListId="8c84fa94-04c1-424b-9868-57a2d4851a1d" />
    <TestEntry testId="c01e9768-dc21-ba48-091a-ac521f48447c" executionId="a47e2622-3100-4be8-93f5-2f461c4fe19a" testListId="8c84fa94-04c1-424b-9868-57a2d4851a1d" />
    <TestEntry testId="08a4d897-24db-b56b-38d5-4c2e183be588" executionId="e38ed422-fa46-4ff2-a212-8f2053a561a1" testListId="8c84fa94-04c1-424b-9868-57a2d4851a1d" />
    <TestEntry testId="3f933796-8bce-9402-b85c-8de494bcaa14" executionId="0e440503-b8a5-492d-9795-d05b4ef68639" testListId="8c84fa94-04c1-424b-9868-57a2d4851a1d" />
    <TestEntry testId="a7844ee8-8846-86d2-f553-ec770bb87b56" executionId="4e557a8d-6838-4184-b79d-07ec9951a4b7" testListId="8c84fa94-04c1-424b-9868-57a2d4851a1d" />
    <TestEntry testId="8b0d5a94-40db-f598-f1f0-bd258c1c0909" executionId="c12fec78-19d2-4c19-9214-a19fc8498c3d" testListId="8c84fa94-04c1-424b-9868-57a2d4851a1d" />
    <TestEntry testId="42882bd7-d93a-d1a2-9d3a-432b6961d65e" executionId="f113a0cc-4cbb-4a51-bf79-705f08e4515e" testListId="8c84fa94-04c1-424b-9868-57a2d4851a1d" />
    <TestEntry testId="ececbbc7-67ed-82b4-ea74-2f433a9095c8" executionId="4b84830b-3bc3-4772-a670-66bbe02cdf5f" testListId="8c84fa94-04c1-424b-9868-57a2d4851a1d" />
    <TestEntry testId="09a00f05-4a61-1704-0088-0b0ddbab628b" executionId="cebe384f-0978-4496-a978-e4a65c113071" testListId="8c84fa94-04c1-424b-9868-57a2d4851a1d" />
    <TestEntry testId="608dba87-933a-895a-b0fa-c6e0437b6df1" executionId="80692f9e-7478-4145-916b-4b6af1b5d8ee" testListId="8c84fa94-04c1-424b-9868-57a2d4851a1d" />
    <TestEntry testId="c708fe29-69e8-00aa-72cd-74a29305577f" executionId="2edfc9e3-4251-4767-930c-d594a10c0d8a" testListId="8c84fa94-04c1-424b-9868-57a2d4851a1d" />
    <TestEntry testId="5b6f6ffb-ee25-73a3-fc54-5ce6a6203624" executionId="9a68dc7d-dd97-4200-b8a4-3d122f86b2d5" testListId="8c84fa94-04c1-424b-9868-57a2d4851a1d" />
    <TestEntry testId="00e6e8fe-53ce-ca3a-d80c-dcbdf621e615" executionId="8d8aa66a-8e77-4e35-8e50-80fcfd4607e5" testListId="8c84fa94-04c1-424b-9868-57a2d4851a1d" />
  </TestEntries>
  <TestLists>
    <TestList name="Results Not in a List" id="8c84fa94-04c1-424b-9868-57a2d4851a1d" />
    <TestList name="All Loaded Results" id="19431567-8539-422a-85d7-44ee4e166bda" />
  </TestLists>
  <ResultSummary outcome="Failed">
    <Counters total="38" executed="38" passed="36" failed="2" error="0" timeout="0" aborted="0" inconclusive="0" passedButRunAborted="0" notRunnable="0" notExecuted="0" disconnected="0" warning="0" completed="0" inProgress="0" pending="0" />
    <Output>
      <StdOut>[xUnit.net 00:00:00.00] xUnit.net VSTest Adapter v2.5.3.1+6b60a9e56a (64-bit .NET 7.0.4)
[xUnit.net 00:00:00.15]   Discovering: TimeVault.Api.IntegrationTests
[xUnit.net 00:00:00.23]   Discovered:  TimeVault.Api.IntegrationTests
[xUnit.net 00:00:00.23]   Starting:    TimeVault.Api.IntegrationTests
[xUnit.net 00:00:03.47]       Assert.Equal() Failure: Values differ
[xUnit.net 00:00:03.47]       Expected: OK
[xUnit.net 00:00:03.47]       Actual:   NotFound
[xUnit.net 00:00:03.47]       Stack Trace:
[xUnit.net 00:00:03.50]         /Users/ygeurts/Projects/Private/time-vault/backend/TimeVault/tests/TimeVault.Api.IntegrationTests/BasicRouteTests.cs(33,0): at TimeVault.Api.IntegrationTests.BasicRouteTests.RootEndpoint_ShouldReturn200()
[xUnit.net 00:00:03.50]         --- End of stack trace from previous location ---
[xUnit.net 00:00:05.99]       System.Text.Json.JsonException : The JSON value could not be converted to System.Collections.Generic.List`1[TimeVault.Api.IntegrationTests.VaultApiTests+VaultResponse]. Path: $ | LineNumber: 0 | BytePositionInLine: 1.
[xUnit.net 00:00:06.00]       Stack Trace:
[xUnit.net 00:00:06.00]            at System.Text.Json.ThrowHelper.ThrowJsonException_DeserializeUnableToConvertValue(Type propertyType)
[xUnit.net 00:00:06.00]            at System.Text.Json.Serialization.JsonCollectionConverter`2.OnTryRead(Utf8JsonReader&amp; reader, Type typeToConvert, JsonSerializerOptions options, ReadStack&amp; state, TCollection&amp; value)
[xUnit.net 00:00:06.00]            at System.Text.Json.Serialization.JsonConverter`1.TryRead(Utf8JsonReader&amp; reader, Type typeToConvert, JsonSerializerOptions options, ReadStack&amp; state, T&amp; value)
[xUnit.net 00:00:06.00]            at System.Text.Json.Serialization.JsonConverter`1.ReadCore(Utf8JsonReader&amp; reader, JsonSerializerOptions options, ReadStack&amp; state)
[xUnit.net 00:00:06.00]            at System.Text.Json.JsonSerializer.ContinueDeserialize[TValue](ReadBufferState&amp; bufferState, JsonReaderState&amp; jsonReaderState, ReadStack&amp; readStack, JsonTypeInfo jsonTypeInfo)
[xUnit.net 00:00:06.00]            at System.Text.Json.JsonSerializer.ReadFromStreamAsync[TValue](Stream utf8Json, JsonTypeInfo jsonTypeInfo, CancellationToken cancellationToken)
[xUnit.net 00:00:06.00]            at System.Net.Http.Json.HttpContentJsonExtensions.ReadFromJsonAsyncCore[T](HttpContent content, Encoding sourceEncoding, JsonSerializerOptions options, CancellationToken cancellationToken)
[xUnit.net 00:00:06.00]         /Users/ygeurts/Projects/Private/time-vault/backend/TimeVault/tests/TimeVault.Api.IntegrationTests/VaultApiTests.cs(78,0): at TimeVault.Api.IntegrationTests.VaultApiTests.GetVaults_ShouldReturnUserVaults()
[xUnit.net 00:00:06.00]         --- End of stack trace from previous location ---
[xUnit.net 00:00:11.53]   Finished:    TimeVault.Api.IntegrationTests
</StdOut>
    </Output>
    <RunInfos>
      <RunInfo computerName="Ygor-Geurts-MacBook-Pro-N3X27Q9XMT" outcome="Min" timestamp="2025-05-16T19:38:15.0474690+02:00">
        <Text>[xUnit.net 00:00:03.46]     TimeVault.Api.IntegrationTests.BasicRouteTests.RootEndpoint_ShouldReturn200 [FAIL]</Text>
      </RunInfo>
      <RunInfo computerName="Ygor-Geurts-MacBook-Pro-N3X27Q9XMT" outcome="Min" timestamp="2025-05-16T19:38:17.5756570+02:00">
        <Text>[xUnit.net 00:00:05.99]     TimeVault.Api.IntegrationTests.VaultApiTests.GetVaults_ShouldReturnUserVaults [FAIL]</Text>
      </RunInfo>
    </RunInfos>
  </ResultSummary>
</TestRun>